
ASEM-51 V1.3                                         Copyright (c) 2002 by W.W. Heinz                                         PAGE 1





       MCS-51 Family Macro Assembler   A S E M - 5 1   V 1.3
       =====================================================



	Source File:	..\Button.asm
	Object File:	..\Button.hex
	List File:	..\Button.lst



 Line  I  Addr  Code            Source

    1:				;====================================================
    2:				; Project: Button-Hold Stopwatch + Timer0 Monitor
    3:				; Clock  : 11.0592 MHz
    4:				; Button : P3.2 (active-low)
    5:				;====================================================
    6:
    7:		N      0000	ORG 0000H
    8:	  0000	02 00 5C	LJMP MAIN
    9:
   10:				;=======================
   11:				; UART Initialization
   12:	  0003			UART_INIT:
   13:	  0003	75 8D FD	    MOV TH1, #0FDH       ; Baud = 9600
   14:	  0006	75 8B FD	    MOV TL1, #0FDH
   15:	  0009	75 98 50	    MOV SCON, #50H       ; 8-bit UART, REN enabled
   16:	  000C	D2 8E		    SETB TR1
   17:	  000E	22		    RET
   18:
   19:				;=======================
   20:				; UART Send Byte (in A)
   21:	  000F			UART_SEND:
   22:	  000F	F5 99		    MOV SBUF, A
   23:	  0011			WAIT_SEND:
   24:	  0011	30 99 FD	    JNB TI, WAIT_SEND
   25:	  0014	C2 99		    CLR TI
   26:	  0016	22		    RET
   27:
   28:				;=======================
   29:				; SEND_DECIMAL: Converts A to 2-digit ASCII
   30:	  0017			SEND_DECIMAL:
   31:	  0017	75 F0 0A	    MOV B, #10
   32:	  001A	84		    DIV AB
   33:	  001B	24 30		    ADD A, #'0'
   34:	  001D	11 0F		    ACALL UART_SEND
   35:	  001F	E5 F0		    MOV A, B
   36:	  0021	24 30		    ADD A, #'0'
   37:	  0023	11 0F		    ACALL UART_SEND
   38:	  0025	22		    RET
   39:
   40:				;=======================
   41:				; SEND_HEX: Send A as 2-digit HEX
   42:	  0026			SEND_HEX:
   43:	  0026	C4		    SWAP A                ; High nibble first

ASEM-51 V1.3                                         Copyright (c) 2002 by W.W. Heinz                                         PAGE 2



 Line  I  Addr  Code            Source

   44:	  0027	54 0F		    ANL A, #0Fh
   45:	  0029	11 35		    ACALL NIBBLE_TO_ASCII
   46:	  002B	11 0F		    ACALL UART_SEND
   47:
   48:	  002D	ED		    MOV A, R5             ; Restore original
   49:	  002E	54 0F		    ANL A, #0Fh
   50:	  0030	11 35		    ACALL NIBBLE_TO_ASCII
   51:	  0032	11 0F		    ACALL UART_SEND
   52:	  0034	22		    RET
   53:
   54:				; Convert nibble in A to ASCII
   55:	  0035			NIBBLE_TO_ASCII:
   56:	  0035	24 30		    ADD A, #'0'
   57:	  0037	B4 3A 02	    CJNE A, #'9'+1, OK_ASCII
   58:	  003A	24 07		    ADD A, #7            ; for A-F
   59:	  003C			OK_ASCII:
   60:	  003C	22		    RET
   61:
   62:				;=======================
   63:				; Delay ≈ 500 µs
   64:	  003D			DELAY_500US:
   65:	  003D	7A 05		    MOV R2, #5
   66:	  003F	7B 28		L1: MOV R3, #40
   67:	  0041	00		L2: NOP
   68:	  0042	DB FD		    DJNZ R3, L2
   69:	  0044	DA F9		    DJNZ R2, L1
   70:	  0046	22		    RET
   71:
   72:				;=======================
   73:				; Send 16-bit Timer0 value in HEX
   74:	  0047			SEND_TIMER0_HEX:
   75:	  0047	E5 8C		    MOV A, TH0
   76:	  0049	FD		    MOV R5, A
   77:	  004A	11 26		    ACALL SEND_HEX
   78:	  004C	E5 8A		    MOV A, TL0
   79:	  004E	FD		    MOV R5, A
   80:	  004F	11 26		    ACALL SEND_HEX
   81:	  0051	22		    RET
   82:
   83:				;=======================
   84:				; UART Send String in DPTR
   85:	  0052			SEND_STRING:
   86:	  0052	E4		    CLR A
   87:	  0053	93		    MOVC A, @A+DPTR
   88:	  0054	60 05		    JZ DONE_STRING
   89:	  0056	11 0F		    ACALL UART_SEND
   90:	  0058	A3		    INC DPTR
   91:	  0059	80 F7		    SJMP SEND_STRING
   92:	  005B			DONE_STRING:
   93:	  005B	22		    RET
   94:
   95:				;=======================
   96:				; MAIN Program
   97:	  005C			MAIN:
   98:	  005C	75 89 21	    MOV TMOD, #21H       ; Timer1 Mode 2 for UART and Timer0 Mode 1
   99:	  005F	11 03		    ACALL UART_INIT

ASEM-51 V1.3                                         Copyright (c) 2002 by W.W. Heinz                                         PAGE 3



 Line  I  Addr  Code            Source

  100:
  101:	  0061			MAIN_LOOP:
  102:	  0061	20 B2 FD	    JB P3.2, MAIN_LOOP       ; Wait until button is pressed (P3.2 = 0)
  103:
  104:				    ; Init Timer0
  105:	  0064	75 8C 00	    MOV TH0, #00H
  106:	  0067	75 8A 00	    MOV TL0, #00H
  107:	  006A	D2 8C		    SETB TR0                 ; Start Timer0
  108:
  109:	  006C	79 00		    MOV R1, #0               ; Seconds held = 0
  110:
  111:	  006E			HOLD_LOOP:
  112:				    ; Check if still held
  113:	  006E	20 B2 26	    JB P3.2, BUTTON_RELEASED ; If P3.2 = 1, button released
  114:
  115:	  0071	11 3D		    ACALL DELAY_500US
  116:	  0073	11 3D		    ACALL DELAY_500US        ; ~1 ms total delay
  117:	  0075	09		    INC R1
  118:
  119:				    ; --- Print seconds held
  120:	  0076	90 00 A0	    MOV DPTR, #MSG_HELD
  121:	  0079	11 52		    ACALL SEND_STRING
  122:	  007B	E9		    MOV A, R1
  123:	  007C	11 17		    ACALL SEND_DECIMAL
  124:	  007E	74 0D		    MOV A, #13
  125:	  0080	11 0F		    ACALL UART_SEND
  126:	  0082	74 0A		    MOV A, #10
  127:	  0084	11 0F		    ACALL UART_SEND
  128:
  129:				    ; --- Print Timer0 value
  130:	  0086	90 00 A7	    MOV DPTR, #MSG_TIMER
  131:	  0089	11 52		    ACALL SEND_STRING
  132:	  008B	11 47		    ACALL SEND_TIMER0_HEX
  133:	  008D	74 0D		    MOV A, #13
  134:	  008F	11 0F		    ACALL UART_SEND
  135:	  0091	74 0A		    MOV A, #10
  136:	  0093	11 0F		    ACALL UART_SEND
  137:
  138:	  0095	80 D7		    SJMP HOLD_LOOP
  139:
  140:	  0097			BUTTON_RELEASED:
  141:	  0097	C2 8C		    CLR TR0                 ; Stop Timer0
  142:
  143:				    ; Final message
  144:	  0099	90 00 AF	    MOV DPTR, #MSG_DONE
  145:	  009C	11 52		    ACALL SEND_STRING
  146:	  009E	80 C1		    SJMP MAIN_LOOP
  147:
  148:
  149:
  150:				;=======================
  151:				; ROM Data
  152:	  00A0	48 65 6C 64	MSG_HELD: DB "Held: ",0
	  00A4	3A 20 00
  153:	  00A7	54 69 6D 65	MSG_TIMER: DB "Timer: ",0
	  00AB	72 3A 20 00

ASEM-51 V1.3                                         Copyright (c) 2002 by W.W. Heinz                                         PAGE 4



 Line  I  Addr  Code            Source

  154:	  00AF	42 75 74 74	MSG_DONE: DB "Button Released",13,10,0
	  00B3	6F 6E 20 52
	  00B7	65 6C 65 61
	  00BB	73 65 64 0D
	  00BF	0A 00
  155:
  156:				END





                     register banks used:  ---

                     no errors




ASEM-51 V1.3                                         Copyright (c) 2002 by W.W. Heinz                                         PAGE 5





	       L I S T   O F   S Y M B O L S
	       =============================


SYMBOL				  TYPE     VALUE	LINE
------------------------------------------------------------
??ASEM_51			  NUMBER    8051
??VERSION			  NUMBER    0130
AC				  BIT	      D6
ACC				  DATA	      E0
B				  DATA	      F0
BUTTON_RELEASED			  CODE	    0097	 140
CY				  BIT	      D7
DELAY_500US			  CODE	    003D	  64
DONE_STRING			  CODE	    005B	  92
DPH				  DATA	      83
DPL				  DATA	      82
EA				  BIT	      AF
ES				  BIT	      AC
ET0				  BIT	      A9
ET1				  BIT	      AB
EX0				  BIT	      A8
EX1				  BIT	      AA
EXTI0				  CODE	    0003
EXTI1				  CODE	    0013
F0				  BIT	      D5
HOLD_LOOP			  CODE	    006E	 111
IE				  DATA	      A8
IE0				  BIT	      89
IE1				  BIT	      8B
INT0				  BIT	      B2
INT1				  BIT	      B3
IP				  DATA	      B8
IT0				  BIT	      88
IT1				  BIT	      8A
L1				  CODE	    003F	  66
L2				  CODE	    0041	  67
MAIN				  CODE	    005C	  97
MAIN_LOOP			  CODE	    0061	 101
MSG_DONE			  CODE	    00AF	 154
MSG_HELD			  CODE	    00A0	 152
MSG_TIMER			  CODE	    00A7	 153
NIBBLE_TO_ASCII			  CODE	    0035	  55
OK_ASCII			  CODE	    003C	  59
OV				  BIT	      D2
P				  BIT	      D0
P0				  DATA	      80
P1				  DATA	      90
P2				  DATA	      A0
P3				  DATA	      B0
PCON				  DATA	      87
PS				  BIT	      BC
PSW				  DATA	      D0
PT0				  BIT	      B9
PT1				  BIT	      BB
PX0				  BIT	      B8

ASEM-51 V1.3                                         Copyright (c) 2002 by W.W. Heinz                                         PAGE 6



SYMBOL				  TYPE     VALUE	LINE
------------------------------------------------------------
PX1				  BIT	      BA
RB8				  BIT	      9A
RD				  BIT	      B7
REN				  BIT	      9C
RESET				  CODE	    0000
RI				  BIT	      98
RS0				  BIT	      D3
RS1				  BIT	      D4
RXD				  BIT	      B0
SBUF				  DATA	      99
SCON				  DATA	      98
SEND_DECIMAL			  CODE	    0017	  30
SEND_HEX			  CODE	    0026	  42
SEND_STRING			  CODE	    0052	  85
SEND_TIMER0_HEX			  CODE	    0047	  74
SINT				  CODE	    0023
SM0				  BIT	      9F
SM1				  BIT	      9E
SM2				  BIT	      9D
SP				  DATA	      81
T0				  BIT	      B4
T1				  BIT	      B5
TB8				  BIT	      9B
TCON				  DATA	      88
TF0				  BIT	      8D
TF1				  BIT	      8F
TH0				  DATA	      8C
TH1				  DATA	      8D
TI				  BIT	      99
TIMER0				  CODE	    000B
TIMER1				  CODE	    001B
TL0				  DATA	      8A
TL1				  DATA	      8B
TMOD				  DATA	      89
TR0				  BIT	      8C
TR1				  BIT	      8E
TXD				  BIT	      B1
UART_INIT			  CODE	    0003	  12
UART_SEND			  CODE	    000F	  21
WAIT_SEND			  CODE	    0011	  23
WR				  BIT	      B6
