
ASEM-51 V1.3                                         Copyright (c) 2002 by W.W. Heinz                                         PAGE 1





       MCS-51 Family Macro Assembler   A S E M - 5 1   V 1.3
       =====================================================



	Source File:	..\UART.asm
	Object File:	..\uart.hex
	List File:	..\UART.lst



 Line  I  Addr  Code            Source

    1:		N      0000	ORG 0000h
    2:	  0000	02 00 27	LJMP START
    3:
    4:				;=======================
    5:				; UART Initialization
    6:	  0003			UART_INIT:
    7:	  0003	75 89 20	    MOV TMOD, #20h       ; Timer1 in Mode 2
    8:	  0006	75 8D FD	    MOV TH1, #0FDh       ; 9600 baud @ 11.0592 MHz
    9:	  0009	75 8B FD	    MOV TL1, #0FDh
   10:	  000C	75 98 50	    MOV SCON, #50h       ; 8-bit UART, REN enabled
   11:	  000F	D2 8E		    SETB TR1             ; Start Timer1
   12:	  0011	22		    RET
   13:
   14:				;=======================
   15:				; UART Send Single Byte
   16:	  0012			UART_SEND:
   17:	  0012	F5 99		    MOV SBUF, A
   18:	  0014			WAIT_SEND:
   19:	  0014	30 99 FD	    JNB TI, WAIT_SEND
   20:	  0017	C2 99		    CLR TI
   21:	  0019	22		    RET
   22:
   23:				;=======================
   24:				; UART Send String
   25:	  001A			SEND_STRING:
   26:	  001A	90 00 2D	    MOV DPTR, #MSG         ; R0 points to message
   27:	  001D			NEXT_CHAR:
   28:	  001D	E4		     CLR A
   29:	  001E	93		    MOVC A, @A+DPTR
   30:	  001F	60 05		    JZ DONE_STRING
   31:	  0021	11 12		    ACALL UART_SEND
   32:	  0023	A3		    INC DPTR
   33:	  0024	80 F7		    SJMP NEXT_CHAR
   34:	  0026			DONE_STRING:
   35:	  0026	22		    RET
   36:
   37:				;=======================
   38:				; Main Program
   39:	  0027			START:
   40:	  0027	11 03		    ACALL UART_INIT
   41:	  0029	11 1A		    ACALL SEND_STRING
   42:	  002B	80 FE		HERE: SJMP HERE          ; Infinite loop
   43:

ASEM-51 V1.3                                         Copyright (c) 2002 by W.W. Heinz                                         PAGE 2



 Line  I  Addr  Code            Source

   44:				;=======================
   45:				; Data Section
   46:	  002D	48 65 6C 6C	MSG: DB 'Hello, world', 13, 10, 0  ; \r\n + null terminator
	  0031	6F 2C 20 77
	  0035	6F 72 6C 64
	  0039	0D 0A 00
   47:
   48:				END





                     register banks used:  ---

                     no errors




ASEM-51 V1.3                                         Copyright (c) 2002 by W.W. Heinz                                         PAGE 3





	       L I S T   O F   S Y M B O L S
	       =============================


SYMBOL				  TYPE     VALUE	LINE
------------------------------------------------------------
??ASEM_51			  NUMBER    8051
??VERSION			  NUMBER    0130
AC				  BIT	      D6
ACC				  DATA	      E0
B				  DATA	      F0
CY				  BIT	      D7
DONE_STRING			  CODE	    0026	  34
DPH				  DATA	      83
DPL				  DATA	      82
EA				  BIT	      AF
ES				  BIT	      AC
ET0				  BIT	      A9
ET1				  BIT	      AB
EX0				  BIT	      A8
EX1				  BIT	      AA
EXTI0				  CODE	    0003
EXTI1				  CODE	    0013
F0				  BIT	      D5
HERE				  CODE	    002B	  42
IE				  DATA	      A8
IE0				  BIT	      89
IE1				  BIT	      8B
INT0				  BIT	      B2
INT1				  BIT	      B3
IP				  DATA	      B8
IT0				  BIT	      88
IT1				  BIT	      8A
MSG				  CODE	    002D	  46
NEXT_CHAR			  CODE	    001D	  27
OV				  BIT	      D2
P				  BIT	      D0
P0				  DATA	      80
P1				  DATA	      90
P2				  DATA	      A0
P3				  DATA	      B0
PCON				  DATA	      87
PS				  BIT	      BC
PSW				  DATA	      D0
PT0				  BIT	      B9
PT1				  BIT	      BB
PX0				  BIT	      B8
PX1				  BIT	      BA
RB8				  BIT	      9A
RD				  BIT	      B7
REN				  BIT	      9C
RESET				  CODE	    0000
RI				  BIT	      98
RS0				  BIT	      D3
RS1				  BIT	      D4
RXD				  BIT	      B0

ASEM-51 V1.3                                         Copyright (c) 2002 by W.W. Heinz                                         PAGE 4



SYMBOL				  TYPE     VALUE	LINE
------------------------------------------------------------
SBUF				  DATA	      99
SCON				  DATA	      98
SEND_STRING			  CODE	    001A	  25
SINT				  CODE	    0023
SM0				  BIT	      9F
SM1				  BIT	      9E
SM2				  BIT	      9D
SP				  DATA	      81
START				  CODE	    0027	  39
T0				  BIT	      B4
T1				  BIT	      B5
TB8				  BIT	      9B
TCON				  DATA	      88
TF0				  BIT	      8D
TF1				  BIT	      8F
TH0				  DATA	      8C
TH1				  DATA	      8D
TI				  BIT	      99
TIMER0				  CODE	    000B
TIMER1				  CODE	    001B
TL0				  DATA	      8A
TL1				  DATA	      8B
TMOD				  DATA	      89
TR0				  BIT	      8C
TR1				  BIT	      8E
TXD				  BIT	      B1
UART_INIT			  CODE	    0003	   6
UART_SEND			  CODE	    0012	  16
WAIT_SEND			  CODE	    0014	  18
WR				  BIT	      B6
