BL51 BANKED LINKER/LOCATER V6.22.4.0                                                    05/23/2025  17:18:44  PAGE 1


BL51 BANKED LINKER/LOCATER V6.22.4.0, INVOKED BY:
C:\KEIL_V5\C51\BIN\BL51.EXE .\Objects\Timers.obj TO .\Objects\GPS_test PRINT (.\Listings\GPS_test.m51) RAMSIZE (256) COD
>> E (0X0000-0X1FFF)


INPUT MODULES INCLUDED:
  .\Objects\Timers.obj (TIMERS)


LINK MAP OF MODULE:  .\Objects\GPS_test (TIMERS)


            TYPE    BASE      LENGTH    RELOCATION   SEGMENT NAME
            -----------------------------------------------------

            * * * * * * *   D A T A   M E M O R Y   * * * * * * *
            REG     0000H     0008H     ABSOLUTE     "REG BANK 0"

            * * * * * * *   C O D E   M E M O R Y   * * * * * * *
            CODE    0000H     00DEH     ABSOLUTE     



SYMBOL TABLE OF MODULE:  .\Objects\GPS_test (TIMERS)

  VALUE           TYPE          NAME
  ----------------------------------

  -------         MODULE        TIMERS
  D:00F0H         SYMBOL        B
  C:005CH         SYMBOL        DELAY_10US
  C:003DH         SYMBOL        DELAY_500US
  C:005BH         SYMBOL        DONE_STRING
  C:00A7H         SYMBOL        GOT_ECHO
  C:003FH         SYMBOL        L1
  C:0041H         SYMBOL        L2
  B:00A0H.2       SYMBOL        LED_CLOSE
  B:00A0H.0       SYMBOL        LED_FAR_1
  B:00A0H.4       SYMBOL        LED_FAR_2
  B:00A0H.1       SYMBOL        LED_MID_1
  B:00A0H.3       SYMBOL        LED_MID_2
  C:0087H         SYMBOL        MAIN_TOGGLE
  C:00C5H         SYMBOL        MSG_PULSE
  C:00CDH         SYMBOL        MSG_START
  C:0035H         SYMBOL        NIBBLE_TO_ASCII
  C:00A1H         SYMBOL        NO_ECHO
  C:003CH         SYMBOL        OK_ASCII
  D:0090H         SYMBOL        P1
  D:00A0H         SYMBOL        P2
  D:0099H         SYMBOL        SBUF
  D:0098H         SYMBOL        SCON
  C:0017H         SYMBOL        SEND_DECIMAL
  C:0026H         SYMBOL        SEND_HEX
  C:0052H         SYMBOL        SEND_STRING
  C:0047H         SYMBOL        SEND_TIMER0_HEX
  C:0067H         SYMBOL        START
  B:0088H.5       SYMBOL        TF0
  D:008CH         SYMBOL        TH0
BL51 BANKED LINKER/LOCATER V6.22.4.0                                                  05/23/2025  17:18:44  PAGE 2


  D:008DH         SYMBOL        TH1
  B:0098H.1       SYMBOL        TI
  D:008AH         SYMBOL        TL0
  D:008BH         SYMBOL        TL1
  D:0089H         SYMBOL        TMOD
  B:0088H.4       SYMBOL        TR0
  B:0088H.6       SYMBOL        TR1
  C:0003H         SYMBOL        UART_INIT
  C:000FH         SYMBOL        UART_SEND
  B:0090H.0       SYMBOL        US_ECHO_R
  B:0090H.1       SYMBOL        US_TRIG_R
  C:008DH         SYMBOL        WAIT_ECHO_HIGH
  C:00A7H         SYMBOL        WAIT_ECHO_LOW
  C:0096H         SYMBOL        WAIT_RISE
  C:0011H         SYMBOL        WAIT_SEND
  C:0000H         LINE#         17
  C:0003H         LINE#         22
  C:0006H         LINE#         23
  C:0009H         LINE#         24
  C:000CH         LINE#         25
  C:000EH         LINE#         26
  C:000FH         LINE#         31
  C:0011H         LINE#         33
  C:0014H         LINE#         34
  C:0016H         LINE#         35
  C:0017H         LINE#         40
  C:001AH         LINE#         41
  C:001BH         LINE#         42
  C:001DH         LINE#         43
  C:001FH         LINE#         44
  C:0021H         LINE#         45
  C:0023H         LINE#         46
  C:0025H         LINE#         47
  C:0026H         LINE#         52
  C:0027H         LINE#         53
  C:0029H         LINE#         54
  C:002BH         LINE#         55
  C:002DH         LINE#         57
  C:002EH         LINE#         58
  C:0030H         LINE#         59
  C:0032H         LINE#         60
  C:0034H         LINE#         61
  C:0035H         LINE#         65
  C:0037H         LINE#         66
  C:003AH         LINE#         67
  C:003CH         LINE#         69
  C:003DH         LINE#         74
  C:003FH         LINE#         75
  C:0041H         LINE#         76
  C:0042H         LINE#         77
  C:0044H         LINE#         78
  C:0046H         LINE#         79
  C:0047H         LINE#         84
  C:0049H         LINE#         85
  C:004AH         LINE#         86
  C:004CH         LINE#         87
  C:004EH         LINE#         88
BL51 BANKED LINKER/LOCATER V6.22.4.0                                                  05/23/2025  17:18:44  PAGE 3


  C:004FH         LINE#         89
  C:0051H         LINE#         90
  C:0052H         LINE#         95
  C:0053H         LINE#         96
  C:0054H         LINE#         97
  C:0056H         LINE#         98
  C:0058H         LINE#         99
  C:0059H         LINE#         100
  C:005BH         LINE#         102
  C:005CH         LINE#         107
  C:005DH         LINE#         108
  C:005EH         LINE#         109
  C:005FH         LINE#         110
  C:0060H         LINE#         111
  C:0061H         LINE#         112
  C:0062H         LINE#         113
  C:0063H         LINE#         114
  C:0064H         LINE#         115
  C:0065H         LINE#         116
  C:0066H         LINE#         117
  C:0067H         LINE#         122
  C:006AH         LINE#         123
  C:006CH         LINE#         125
  C:006FH         LINE#         126
  C:0072H         LINE#         128
  C:0074H         LINE#         129
  C:0076H         LINE#         130
  C:0078H         LINE#         131
  C:007AH         LINE#         132
  C:007CH         LINE#         133
  C:007EH         LINE#         134
  C:0080H         LINE#         135
  C:0082H         LINE#         138
  C:0085H         LINE#         139
  C:0087H         LINE#         143
  C:0089H         LINE#         144
  C:008BH         LINE#         145
  C:008DH         LINE#         148
  C:0090H         LINE#         149
  C:0092H         LINE#         150
  C:0094H         LINE#         153
  C:0096H         LINE#         157
  C:0099H         LINE#         158
  C:009BH         LINE#         159
  C:009DH         LINE#         160
  C:009FH         LINE#         162
  C:00A1H         LINE#         165
  C:00A3H         LINE#         166
  C:00A5H         LINE#         167
  C:00A7H         LINE#         171
  C:00AAH         LINE#         172
  C:00ACH         LINE#         173
  C:00AEH         LINE#         178
  C:00B1H         LINE#         179
  C:00B3H         LINE#         180
  C:00B5H         LINE#         181
  C:00B7H         LINE#         182
BL51 BANKED LINKER/LOCATER V6.22.4.0                                                  05/23/2025  17:18:44  PAGE 4


  C:00B9H         LINE#         183
  C:00BBH         LINE#         184
  C:00BDH         LINE#         188
  C:00C0H         LINE#         189
  C:00C3H         LINE#         192
  -------         ENDMOD        TIMERS

******************************************************************************
* RESTRICTED VERSION WITH 0800H BYTE CODE SIZE LIMIT; USED: 00DEH BYTE (10%) *
******************************************************************************

Program Size: data=8.0 xdata=0 code=222
LINK/LOCATE RUN COMPLETE.  0 WARNING(S),  0 ERROR(S)
