BL51 BANKED LINKER/LOCATER V6.22.4.0                                                    05/21/2025  14:27:47  PAGE 1


BL51 BANKED LINKER/LOCATER V6.22.4.0, INVOKED BY:
C:\KEIL_V5\C51\BIN\BL51.EXE .\Objects\find_distance.obj, .\Objects\LCD_8_bit.obj TO .\Objects\GPS_test PRINT (.\Listings
>> \GPS_test.m51) RAMSIZE (256) CODE (0X0000-0X1FFF)


MEMORY MODEL: SMALL WITH FLOATING POINT ARITHMETIC


INPUT MODULES INCLUDED:
  .\Objects\find_distance.obj (FIND_DISTANCE)
  .\Objects\LCD_8_bit.obj (LCD_8_BIT)
  C:\KEIL_V5\C51\LIB\C51FPS.LIB (?C?FPMUL)
  C:\KEIL_V5\C51\LIB\C51FPS.LIB (?C?FPDIV)
  C:\KEIL_V5\C51\LIB\C51FPS.LIB (?C?FCAST)
  C:\KEIL_V5\C51\LIB\C51FPS.LIB (PRINTF)
  C:\KEIL_V5\C51\LIB\C51FPS.LIB (POW)
  C:\KEIL_V5\C51\LIB\C51FPS.LIB (?C?FPGETOPN)
  C:\KEIL_V5\C51\LIB\C51FPS.LIB (?C?CHKFLOAT)
  C:\KEIL_V5\C51\LIB\C51FPS.LIB (?C?FPADD)
  C:\KEIL_V5\C51\LIB\C51FPS.LIB (?C?FPCMP)
  C:\KEIL_V5\C51\LIB\C51FPS.LIB (?C?FPNEG)
  C:\KEIL_V5\C51\LIB\C51FPS.LIB (?C?CASTF)
  C:\KEIL_V5\C51\LIB\C51FPS.LIB (?C?FPROUND)
  C:\KEIL_V5\C51\LIB\C51FPS.LIB (?C?FPCONVERT)
  C:\KEIL_V5\C51\LIB\C51FPS.LIB (EXP)
  C:\KEIL_V5\C51\LIB\C51FPS.LIB (LOG)
  C:\KEIL_V5\C51\LIB\C51FPS.LIB (?C?FTNPWR)
  C:\KEIL_V5\C51\LIB\C51FPS.LIB (?C?FPSERIES)
  C:\KEIL_V5\C51\LIB\C51S.LIB (?C_STARTUP)
  C:\KEIL_V5\C51\LIB\C51S.LIB (?C?CLDPTR)
  C:\KEIL_V5\C51\LIB\C51S.LIB (?C?CLDOPTR)
  C:\KEIL_V5\C51\LIB\C51S.LIB (?C?CSTPTR)
  C:\KEIL_V5\C51\LIB\C51S.LIB (?C?LNEG)
  C:\KEIL_V5\C51\LIB\C51S.LIB (?C?LLDCODE)
  C:\KEIL_V5\C51\LIB\C51S.LIB (?C?LLDCODE0)
  C:\KEIL_V5\C51\LIB\C51S.LIB (?C?PLDIIDATA)
  C:\KEIL_V5\C51\LIB\C51S.LIB (?C?CCASE)
  C:\KEIL_V5\C51\LIB\C51S.LIB (PUTCHAR)


LINK MAP OF MODULE:  .\Objects\GPS_test (FIND_DISTANCE)


            TYPE    BASE      LENGTH    RELOCATION   SEGMENT NAME
            -----------------------------------------------------

            * * * * * * *   D A T A   M E M O R Y   * * * * * * *
            REG     0000H     0008H     ABSOLUTE     "REG BANK 0"
                    0008H     0018H                  *** GAP ***
            BIT     0020H.0   0001H.1   UNIT         _BIT_GROUP_
                    0021H.1   0000H.7                *** GAP ***
            DATA    0022H     002EH     UNIT         _DATA_GROUP_
            IDATA   0050H     0001H     UNIT         ?STACK

            * * * * * * *   C O D E   M E M O R Y   * * * * * * *
            CODE    0000H     0003H     ABSOLUTE     
                    0003H     07FDH                  *** GAP ***
            CODE    0800H     06ACH     UNIT         ?C?LIB_CODE
BL51 BANKED LINKER/LOCATER V6.22.4.0                                                  05/21/2025  14:27:47  PAGE 2


            CODE    0EACH     046FH     UNIT         ?PR?PRINTF?PRINTF
            CODE    131BH     0135H     UNIT         ?PR?LOG?LOG
            CODE    1450H     0117H     UNIT         ?PR?_POW?POW
            CODE    1567H     00BAH     UNIT         ?PR?MAIN?FIND_DISTANCE
            CODE    1621H     009AH     UNIT         ?PR?EXP?EXP
            CODE    16BBH     002FH     UNIT         ?PR?_LCD_STRING_XY?LCD_8_BIT
            CODE    16EAH     002BH     UNIT         ?PR?_LCD_STRING?LCD_8_BIT
            CODE    1715H     0028H     UNIT         ?PR?_DELAY?LCD_8_BIT
            CODE    173DH     0027H     UNIT         ?PR?PUTCHAR?PUTCHAR
            CODE    1764H     0020H     UNIT         ?PR?LCD_INIT?LCD_8_BIT
            CODE    1784H     0015H     UNIT         ?CO?FIND_DISTANCE
            CODE    1799H     0010H     UNIT         ?PR?DELAY_US?FIND_DISTANCE
            CODE    17A9H     000EH     UNIT         ?PR?_LCD_COMMAND?LCD_8_BIT
            CODE    17B7H     000EH     UNIT         ?PR?_LCD_CHAR?LCD_8_BIT
            CODE    17C5H     000CH     UNIT         ?C_C51STARTUP
            CODE    17D1H     0008H     UNIT         ?PR?INIT_TIMER?FIND_DISTANCE
            CODE    17D9H     0008H     UNIT         ?PR?SEND_TRIGGER_PULSE?FIND_DISTANCE



OVERLAY MAP OF MODULE:   .\Objects\GPS_test (FIND_DISTANCE)


SEGMENT                                         BIT_GROUP          DATA_GROUP 
  +--> CALLED SEGMENT                        START    LENGTH     START    LENGTH
--------------------------------------------------------------------------------
?C_C51STARTUP                                -----    -----      -----    -----
  +--> ?PR?MAIN?FIND_DISTANCE

?PR?MAIN?FIND_DISTANCE                       -----    -----      0022H    0012H
  +--> ?PR?LCD_INIT?LCD_8_BIT
  +--> ?CO?FIND_DISTANCE
  +--> ?PR?_LCD_STRING_XY?LCD_8_BIT
  +--> ?PR?INIT_TIMER?FIND_DISTANCE
  +--> ?PR?SEND_TRIGGER_PULSE?FIND_DISTANCE
  +--> ?PR?_POW?POW
  +--> ?PR?PRINTF?PRINTF
  +--> ?PR?_LCD_STRING?LCD_8_BIT
  +--> ?PR?_DELAY?LCD_8_BIT

?PR?LCD_INIT?LCD_8_BIT                       -----    -----      -----    -----
  +--> ?PR?_DELAY?LCD_8_BIT
  +--> ?PR?_LCD_COMMAND?LCD_8_BIT

?PR?_LCD_COMMAND?LCD_8_BIT                   -----    -----      -----    -----
  +--> ?PR?_DELAY?LCD_8_BIT

?PR?_LCD_STRING_XY?LCD_8_BIT                 -----    -----      0034H    0005H
  +--> ?PR?_LCD_COMMAND?LCD_8_BIT
  +--> ?PR?_LCD_STRING?LCD_8_BIT

?PR?_LCD_STRING?LCD_8_BIT                    -----    -----      0039H    0005H
  +--> ?PR?_LCD_CHAR?LCD_8_BIT

?PR?_LCD_CHAR?LCD_8_BIT                      -----    -----      -----    -----
  +--> ?PR?_DELAY?LCD_8_BIT

BL51 BANKED LINKER/LOCATER V6.22.4.0                                                  05/21/2025  14:27:47  PAGE 3


?PR?SEND_TRIGGER_PULSE?FIND_DISTANCE         -----    -----      -----    -----
  +--> ?PR?DELAY_US?FIND_DISTANCE

?PR?_POW?POW                                 -----    -----      0034H    000AH
  +--> ?PR?LOG?LOG
  +--> ?PR?EXP?EXP

?PR?LOG?LOG                                  0020H.0  0000H.1    003EH    0004H

?PR?PRINTF?PRINTF                            0020H.0  0001H.1    0034H    001CH
  +--> ?PR?PUTCHAR?PUTCHAR



SYMBOL TABLE OF MODULE:  .\Objects\GPS_test (FIND_DISTANCE)

  VALUE           TYPE          NAME
  ----------------------------------

  -------         MODULE        FIND_DISTANCE
  C:0000H         SYMBOL        _ICE_DUMMY_
  D:0090H         PUBLIC        P1
  B:00A0H.6       PUBLIC        Trigger_pin
  D:00A0H         PUBLIC        P2
  D:00B0H         PUBLIC        P3
  D:00A8H         PUBLIC        IE
  C:17D9H         PUBLIC        send_trigger_pulse
  D:00B8H         PUBLIC        IP
  C:1567H         PUBLIC        main
  B:00A0H.7       PUBLIC        Echo_pin
  D:0098H         PUBLIC        SCON
  D:0089H         PUBLIC        TMOD
  D:0088H         PUBLIC        TCON
  C:17D1H         PUBLIC        init_timer
  C:1799H         PUBLIC        Delay_us
  B:0088H.5       PUBLIC        TF0
  D:008CH         PUBLIC        TH0
  D:008AH         PUBLIC        TL0
  B:0088H.4       PUBLIC        TR0
  D:00C8H         PUBLIC        T2CON
  D:00D0H         PUBLIC        PSW
  -------         PROC          DELAY_US
  C:1799H         LINE#         18
  C:1799H         LINE#         19
  C:1799H         LINE#         20
  C:179CH         LINE#         21
  C:179FH         LINE#         22
  C:17A1H         LINE#         23
  C:17A4H         LINE#         24
  C:17A6H         LINE#         25
  C:17A8H         LINE#         26
  -------         ENDPROC       DELAY_US
  -------         PROC          INIT_TIMER
  C:17D1H         LINE#         28
  C:17D1H         LINE#         29
  C:17D4H         LINE#         30
  C:17D6H         LINE#         31
BL51 BANKED LINKER/LOCATER V6.22.4.0                                                  05/21/2025  14:27:47  PAGE 4


  C:17D8H         LINE#         32
  -------         ENDPROC       INIT_TIMER
  -------         PROC          SEND_TRIGGER_PULSE
  C:17D9H         LINE#         34
  C:17D9H         LINE#         35
  C:17DBH         LINE#         36
  C:17DEH         LINE#         37
  C:17E0H         LINE#         38
  -------         ENDPROC       SEND_TRIGGER_PULSE
  -------         PROC          MAIN
  -------         DO            
  D:0022H         SYMBOL        distance_measurement
  D:0026H         SYMBOL        value
  D:002AH         SYMBOL        distance_in_cm
  -------         ENDDO         
  C:1567H         LINE#         40
  C:1567H         LINE#         41
  C:1567H         LINE#         44
  C:156AH         LINE#         45
  C:1577H         LINE#         46
  C:157AH         LINE#         48
  C:157AH         LINE#         49
  C:157AH         LINE#         50
  C:157DH         LINE#         52
  C:1580H         LINE#         53
  C:1582H         LINE#         54
  C:1588H         LINE#         55
  C:158AH         LINE#         58
  C:15B1H         LINE#         59
  C:15C3H         LINE#         60
  C:15E7H         LINE#         62
  C:1601H         LINE#         63
  C:160EH         LINE#         64
  C:1617H         LINE#         66
  C:161EH         LINE#         67
  -------         ENDPROC       MAIN
  -------         ENDMOD        FIND_DISTANCE

  -------         MODULE        LCD_8_BIT
  C:0000H         SYMBOL        _ICE_DUMMY_
  D:0090H         PUBLIC        P1
  C:16BBH         PUBLIC        _LCD_String_xy
  D:00A0H         PUBLIC        P2
  D:00B0H         PUBLIC        P3
  D:00A8H         PUBLIC        IE
  C:171DH         PUBLIC        _delay
  B:00A0H.2       PUBLIC        EN
  D:00B8H         PUBLIC        IP
  B:00A0H.0       PUBLIC        RS
  B:00A0H.1       PUBLIC        RW
  C:16EAH         PUBLIC        _LCD_String
  C:17B7H         PUBLIC        _LCD_Char
  D:0098H         PUBLIC        SCON
  D:0088H         PUBLIC        TCON
  C:1764H         PUBLIC        LCD_Init
  D:00C8H         PUBLIC        T2CON
  C:17A9H         PUBLIC        _LCD_Command
BL51 BANKED LINKER/LOCATER V6.22.4.0                                                  05/21/2025  14:27:47  PAGE 5


  D:00D0H         PUBLIC        PSW
  -------         PROC          L?0023
  -------         ENDPROC       L?0023
  -------         PROC          _DELAY
  D:0006H         SYMBOL        k
  -------         DO            
  D:0004H         SYMBOL        i
  D:0002H         SYMBOL        j
  -------         ENDDO         
  C:171DH         LINE#         17
  C:171DH         LINE#         18
  C:171DH         LINE#         20
  C:1727H         LINE#         21
  C:173CH         LINE#         22
  -------         ENDPROC       _DELAY
  -------         PROC          _LCD_COMMAND
  D:0007H         SYMBOL        Command
  C:17A9H         LINE#         24
  C:17A9H         LINE#         25
  C:17A9H         LINE#         26
  C:17ABH         LINE#         27
  C:17ADH         LINE#         28
  C:17ADH         LINE#         29
  C:17ADH         LINE#         30
  C:17B0H         LINE#         31
  C:17B2H         LINE#         32
  -------         ENDPROC       _LCD_COMMAND
  -------         PROC          _LCD_CHAR
  D:0007H         SYMBOL        Data
  C:17B7H         LINE#         34
  C:17B7H         LINE#         35
  C:17B7H         LINE#         36
  C:17B9H         LINE#         37
  C:17BBH         LINE#         38
  C:17BBH         LINE#         39
  C:17BBH         LINE#         40
  C:17BEH         LINE#         41
  C:17C0H         LINE#         42
  -------         ENDPROC       _LCD_CHAR
  -------         PROC          _LCD_STRING
  D:0039H         SYMBOL        str
  -------         DO            
  D:003CH         SYMBOL        i
  -------         ENDDO         
  C:16EAH         LINE#         45
  C:16F0H         LINE#         46
  C:16F0H         LINE#         48
  C:1707H         LINE#         49
  C:1707H         LINE#         50
  C:170AH         LINE#         51
  C:1714H         LINE#         52
  -------         ENDPROC       _LCD_STRING
  -------         PROC          _LCD_STRING_XY
  D:0034H         SYMBOL        row
  D:0035H         SYMBOL        pos
  D:0036H         SYMBOL        str
  C:16BBH         LINE#         54
BL51 BANKED LINKER/LOCATER V6.22.4.0                                                  05/21/2025  14:27:47  PAGE 6


  C:16C5H         LINE#         55
  C:16C5H         LINE#         56
  C:16CAH         LINE#         57
  C:16D2H         LINE#         58
  C:16D7H         LINE#         59
  C:16E1H         LINE#         60
  -------         ENDPROC       _LCD_STRING_XY
  -------         PROC          LCD_INIT
  C:1764H         LINE#         63
  C:1764H         LINE#         64
  C:1764H         LINE#         65
  C:176BH         LINE#         66
  C:1770H         LINE#         67
  C:1775H         LINE#         68
  C:177AH         LINE#         69
  C:177FH         LINE#         70
  -------         ENDPROC       LCD_INIT
  -------         ENDMOD        LCD_8_BIT

  -------         MODULE        ?C?FPMUL
  C:0800H         PUBLIC        ?C?FPMUL
  -------         ENDMOD        ?C?FPMUL

  -------         MODULE        ?C?FPDIV
  C:0909H         PUBLIC        ?C?FPDIV
  -------         ENDMOD        ?C?FPDIV

  -------         MODULE        ?C?FCAST
  C:09B0H         PUBLIC        ?C?FCASTC
  C:09ABH         PUBLIC        ?C?FCASTI
  C:09A6H         PUBLIC        ?C?FCASTL
  -------         ENDMOD        ?C?FCAST

  -------         MODULE        PRINTF
  D:0034H         PUBLIC        ?_PRINTF?BYTE
  D:0034H         PUBLIC        ?_SPRINTF?BYTE
  C:0F0EH         PUBLIC        _PRINTF
  C:0F08H         PUBLIC        _SPRINTF
  -------         ENDMOD        PRINTF

  -------         MODULE        POW
  D:0034H         PUBLIC        ?_pow?BYTE
  C:1450H         PUBLIC        _pow
  -------         ENDMOD        POW

  -------         MODULE        ?C?CHKFLOAT
  C:0A2EH         PUBLIC        ?C?CHKFLOAT
  -------         ENDMOD        ?C?CHKFLOAT

  -------         MODULE        ?C?FPADD
  C:0A4FH         PUBLIC        ?C?FPADD
  C:0A4BH         PUBLIC        ?C?FPSUB
  -------         ENDMOD        ?C?FPADD

  -------         MODULE        ?C?FPCMP
  C:0B42H         PUBLIC        ?C?FPCMP
  C:0B40H         PUBLIC        ?C?FPCMP3
BL51 BANKED LINKER/LOCATER V6.22.4.0                                                  05/21/2025  14:27:47  PAGE 7


  -------         ENDMOD        ?C?FPCMP

  -------         MODULE        ?C?FPNEG
  C:0BB9H         PUBLIC        ?C?FPNEG
  -------         ENDMOD        ?C?FPNEG

  -------         MODULE        ?C?CASTF
  C:0BCAH         PUBLIC        ?C?CASTF
  -------         ENDMOD        ?C?CASTF

  -------         MODULE        ?C?FPROUND
  C:0C01H         PUBLIC        ?C?FPROUND
  -------         ENDMOD        ?C?FPROUND

  -------         MODULE        ?C?FPCONVERT
  C:0C30H         PUBLIC        ?C?FPCONVERT
  -------         ENDMOD        ?C?FPCONVERT

  -------         MODULE        EXP
  C:1659H         PUBLIC        _EXP
  -------         ENDMOD        EXP

  -------         MODULE        LOG
  C:134FH         PUBLIC        _LOG
  C:134BH         PUBLIC        _LOG10
  -------         ENDMOD        LOG

  -------         MODULE        ?C?FTNPWR
  C:0D63H         PUBLIC        ?C?FTNPWR
  -------         ENDMOD        ?C?FTNPWR

  -------         MODULE        ?C?CLDPTR
  C:0DF0H         PUBLIC        ?C?CLDPTR
  -------         ENDMOD        ?C?CLDPTR

  -------         MODULE        ?C?CLDOPTR
  C:0E09H         PUBLIC        ?C?CLDOPTR
  -------         ENDMOD        ?C?CLDOPTR

  -------         MODULE        ?C?CSTPTR
  C:0E36H         PUBLIC        ?C?CSTPTR
  -------         ENDMOD        ?C?CSTPTR

  -------         MODULE        ?C?LNEG
  C:0E48H         PUBLIC        ?C?LNEG
  -------         ENDMOD        ?C?LNEG

  -------         MODULE        ?C?LLDCODE
  C:0E56H         PUBLIC        ?C?LLDCODE
  -------         ENDMOD        ?C?LLDCODE

  -------         MODULE        ?C?LLDCODE0
  C:0E66H         PUBLIC        ?C?LLDCODE0
  -------         ENDMOD        ?C?LLDCODE0

  -------         MODULE        ?C?PLDIIDATA
  C:0E76H         PUBLIC        ?C?PLDIIDATA
BL51 BANKED LINKER/LOCATER V6.22.4.0                                                  05/21/2025  14:27:47  PAGE 8


  -------         ENDMOD        ?C?PLDIIDATA

  -------         MODULE        ?C?CCASE
  C:0E86H         PUBLIC        ?C?CCASE
  -------         ENDMOD        ?C?CCASE

  -------         MODULE        PUTCHAR
  C:173DH         PUBLIC        _PUTCHAR
  -------         ENDMOD        PUTCHAR

******************************************************************************
* RESTRICTED VERSION WITH 0800H BYTE CODE SIZE LIMIT; USED: 01ADH BYTE (20%) *
******************************************************************************

Program Size: data=56.1 xdata=0 code=4068
LINK/LOCATE RUN COMPLETE.  0 WARNING(S),  0 ERROR(S)
